-- Automatically generated by TPCDSQuerySuite
-RECORD 0-------------------------
 c_customer_id | AAAAAAAAAAABAAAA 
-RECORD 1-------------------------
 c_customer_id | AAAAAAAAAAAHBAAA 
-RECORD 2-------------------------
 c_customer_id | AAAAAAAAAAAMAAAA 
-RECORD 3-------------------------
 c_customer_id | AAAAAAAAAAAOAAAA 
-RECORD 4-------------------------
 c_customer_id | AAAAAAAAAABCBAAA 
-RECORD 5-------------------------
 c_customer_id | AAAAAAAAAABEAAAA 
-RECORD 6-------------------------
 c_customer_id | AAAAAAAAAABFAAAA 
-RECORD 7-------------------------
 c_customer_id | AAAAAAAAAACFBAAA 
-RECORD 8-------------------------
 c_customer_id | AAAAAAAAAACFBAAA 
-RECORD 9-------------------------
 c_customer_id | AAAAAAAAAADBBAAA 
-RECORD 10------------------------
 c_customer_id | AAAAAAAAAADOAAAA 
-RECORD 11------------------------
 c_customer_id | AAAAAAAAAADPAAAA 
-RECORD 12------------------------
 c_customer_id | AAAAAAAAAAEABAAA 
-RECORD 13------------------------
 c_customer_id | AAAAAAAAAAEEAAAA 
-RECORD 14------------------------
 c_customer_id | AAAAAAAAAAEGBAAA 
-RECORD 15------------------------
 c_customer_id | AAAAAAAAAAENAAAA 
-RECORD 16------------------------
 c_customer_id | AAAAAAAAAAFCBAAA 
-RECORD 17------------------------
 c_customer_id | AAAAAAAAAAFEBAAA 
-RECORD 18------------------------
 c_customer_id | AAAAAAAAAAFGAAAA 
-RECORD 19------------------------
 c_customer_id | AAAAAAAAAAFLAAAA 
-RECORD 20------------------------
 c_customer_id | AAAAAAAAAAFPAAAA 
-RECORD 21------------------------
 c_customer_id | AAAAAAAAAAGCAAAA 
-RECORD 22------------------------
 c_customer_id | AAAAAAAAAAGEAAAA 
-RECORD 23------------------------
 c_customer_id | AAAAAAAAAAGIBAAA 
-RECORD 24------------------------
 c_customer_id | AAAAAAAAAAGOAAAA 
-RECORD 25------------------------
 c_customer_id | AAAAAAAAAAHABAAA 
-RECORD 26------------------------
 c_customer_id | AAAAAAAAAAHGBAAA 
-RECORD 27------------------------
 c_customer_id | AAAAAAAAAAHHAAAA 
-RECORD 28------------------------
 c_customer_id | AAAAAAAAAAHMAAAA 
-RECORD 29------------------------
 c_customer_id | AAAAAAAAAAHPAAAA 
-RECORD 30------------------------
 c_customer_id | AAAAAAAAAAHPAAAA 
-RECORD 31------------------------
 c_customer_id | AAAAAAAAAAHPAAAA 
-RECORD 32------------------------
 c_customer_id | AAAAAAAAAAJAAAAA 
-RECORD 33------------------------
 c_customer_id | AAAAAAAAAAJEBAAA 
-RECORD 34------------------------
 c_customer_id | AAAAAAAAAAJMAAAA 
-RECORD 35------------------------
 c_customer_id | AAAAAAAAAAJPAAAA 
-RECORD 36------------------------
 c_customer_id | AAAAAAAAAAKBBAAA 
-RECORD 37------------------------
 c_customer_id | AAAAAAAAAAKGBAAA 
-RECORD 38------------------------
 c_customer_id | AAAAAAAAAAKHBAAA 
-RECORD 39------------------------
 c_customer_id | AAAAAAAAAAKLAAAA 
-RECORD 40------------------------
 c_customer_id | AAAAAAAAAALCAAAA 
-RECORD 41------------------------
 c_customer_id | AAAAAAAAAALJAAAA 
-RECORD 42------------------------
 c_customer_id | AAAAAAAAAALJAAAA 
-RECORD 43------------------------
 c_customer_id | AAAAAAAAAAMABAAA 
-RECORD 44------------------------
 c_customer_id | AAAAAAAAAAMGAAAA 
-RECORD 45------------------------
 c_customer_id | AAAAAAAAAAMLAAAA 
-RECORD 46------------------------
 c_customer_id | AAAAAAAAAAMMAAAA 
-RECORD 47------------------------
 c_customer_id | AAAAAAAAAANHBAAA 
-RECORD 48------------------------
 c_customer_id | AAAAAAAAAANMAAAA 
-RECORD 49------------------------
 c_customer_id | AAAAAAAAAAOBBAAA 
-RECORD 50------------------------
 c_customer_id | AAAAAAAAAAPDAAAA 
-RECORD 51------------------------
 c_customer_id | AAAAAAAAAAPKAAAA 
-RECORD 52------------------------
 c_customer_id | AAAAAAAAAAPLAAAA 
-RECORD 53------------------------
 c_customer_id | AAAAAAAAABANAAAA 
-RECORD 54------------------------
 c_customer_id | AAAAAAAAABCCBAAA 
-RECORD 55------------------------
 c_customer_id | AAAAAAAAABCGAAAA 
-RECORD 56------------------------
 c_customer_id | AAAAAAAAABDABAAA 
-RECORD 57------------------------
 c_customer_id | AAAAAAAAABDBAAAA 
-RECORD 58------------------------
 c_customer_id | AAAAAAAAABDEAAAA 
-RECORD 59------------------------
 c_customer_id | AAAAAAAAABDEBAAA 
-RECORD 60------------------------
 c_customer_id | AAAAAAAAABDEBAAA 
-RECORD 61------------------------
 c_customer_id | AAAAAAAAABDFBAAA 
-RECORD 62------------------------
 c_customer_id | AAAAAAAAABDOAAAA 
-RECORD 63------------------------
 c_customer_id | AAAAAAAAABDOAAAA 
-RECORD 64------------------------
 c_customer_id | AAAAAAAAABEBBAAA 
-RECORD 65------------------------
 c_customer_id | AAAAAAAAABEDAAAA 
-RECORD 66------------------------
 c_customer_id | AAAAAAAAABEEAAAA 
-RECORD 67------------------------
 c_customer_id | AAAAAAAAABEEBAAA 
-RECORD 68------------------------
 c_customer_id | AAAAAAAAABEIBAAA 
-RECORD 69------------------------
 c_customer_id | AAAAAAAAABEOAAAA 
-RECORD 70------------------------
 c_customer_id | AAAAAAAAABFFBAAA 
-RECORD 71------------------------
 c_customer_id | AAAAAAAAABFHAAAA 
-RECORD 72------------------------
 c_customer_id | AAAAAAAAABFNAAAA 
-RECORD 73------------------------
 c_customer_id | AAAAAAAAABFOAAAA 
-RECORD 74------------------------
 c_customer_id | AAAAAAAAABGAAAAA 
-RECORD 75------------------------
 c_customer_id | AAAAAAAAABHDBAAA 
-RECORD 76------------------------
 c_customer_id | AAAAAAAAABHGAAAA 
-RECORD 77------------------------
 c_customer_id | AAAAAAAAABHGBAAA 
-RECORD 78------------------------
 c_customer_id | AAAAAAAAABHLAAAA 
-RECORD 79------------------------
 c_customer_id | AAAAAAAAABIAAAAA 
-RECORD 80------------------------
 c_customer_id | AAAAAAAAABIBAAAA 
-RECORD 81------------------------
 c_customer_id | AAAAAAAAABIDBAAA 
-RECORD 82------------------------
 c_customer_id | AAAAAAAAABIEBAAA 
-RECORD 83------------------------
 c_customer_id | AAAAAAAAABKLAAAA 
-RECORD 84------------------------
 c_customer_id | AAAAAAAAABKNAAAA 
-RECORD 85------------------------
 c_customer_id | AAAAAAAAABKNAAAA 
-RECORD 86------------------------
 c_customer_id | AAAAAAAAABLJAAAA 
-RECORD 87------------------------
 c_customer_id | AAAAAAAAABLNAAAA 
-RECORD 88------------------------
 c_customer_id | AAAAAAAAABMAAAAA 
-RECORD 89------------------------
 c_customer_id | AAAAAAAAABMEBAAA 
-RECORD 90------------------------
 c_customer_id | AAAAAAAAABMPAAAA 
-RECORD 91------------------------
 c_customer_id | AAAAAAAAABNABAAA 
-RECORD 92------------------------
 c_customer_id | AAAAAAAAABNBAAAA 
-RECORD 93------------------------
 c_customer_id | AAAAAAAAABNEAAAA 
-RECORD 94------------------------
 c_customer_id | AAAAAAAAABNEAAAA 
-RECORD 95------------------------
 c_customer_id | AAAAAAAAABNGAAAA 
-RECORD 96------------------------
 c_customer_id | AAAAAAAAABNNAAAA 
-RECORD 97------------------------
 c_customer_id | AAAAAAAAABOEAAAA 
-RECORD 98------------------------
 c_customer_id | AAAAAAAAABOGBAAA 
-RECORD 99------------------------
 c_customer_id | AAAAAAAAABPABAAA
           