-- Automatically generated by TPCDSQuerySuite
-RECORD 0--------------
 sum(sales) | 17030.91
           