-- Automatically generated by TPCDSQuerySuite
-RECORD 0-----------------
 sum(ss_quantity) | 29030
           