-- Automatically generated by TPCDSQuerySuite
(0 rows)
           