-- Automatically generated by TPCDSQuerySuite
-RECORD 0-----------------------------
 am_pm_ratio | 0.61244019138755980861
           