-- Automatically generated by TPCDSQuerySuite
-RECORD 0----------------------------
 Call_Center      | AAAAAAAACAAAAAAA 
 Call_Center_Name | Mid Atlantic     
 Manager          | Felipe Perkins   
 Returns_Loss     | 109.74
           