-- Automatically generated by TPCDSQuerySuite
-RECORD 0---------------------------
 Excess Discount Amount  | 39529.71
           