-- Automatically generated by TPCDSQuerySuite
-RECORD 0-------
 count(1) | 870
           